[2022-04-06T17:28:04.602-0800][0.021s] Using G1
[2022-04-06T17:28:04.900-0800][0.320s] Version: 15.0.1+9-18 (release)
[2022-04-06T17:28:04.900-0800][0.320s] CPUs: 8 total, 8 available
[2022-04-06T17:28:04.900-0800][0.320s] Memory: 8192M
[2022-04-06T17:28:04.900-0800][0.320s] Large Page Support: Disabled
[2022-04-06T17:28:04.900-0800][0.320s] NUMA Support: Disabled
[2022-04-06T17:28:04.900-0800][0.320s] Compressed Oops: Enabled (Zero based)
[2022-04-06T17:28:04.900-0800][0.320s] Heap Region Size: 1M
[2022-04-06T17:28:04.900-0800][0.320s] Heap Min Capacity: 512M
[2022-04-06T17:28:04.900-0800][0.320s] Heap Initial Capacity: 512M
[2022-04-06T17:28:04.900-0800][0.320s] Heap Max Capacity: 512M
[2022-04-06T17:28:04.900-0800][0.320s] Pre-touch: Enabled
[2022-04-06T17:28:04.900-0800][0.320s] Parallel Workers: 8
[2022-04-06T17:28:04.900-0800][0.320s] Concurrent Workers: 2
[2022-04-06T17:28:04.901-0800][0.320s] Concurrent Refinement Workers: 8
[2022-04-06T17:28:04.901-0800][0.320s] Periodic GC: Disabled
[2022-04-06T17:28:04.901-0800][0.321s] Mark closed archive regions in map: [0x00000007fff00000, 0x00000007fff78ff8]
[2022-04-06T17:28:04.901-0800][0.321s] Mark open archive regions in map: [0x00000007ffe00000, 0x00000007ffe50ff8]
[2022-04-06T17:28:04.902-0800][0.321s] CDS archive(s) mapped at: [0x0000000800000000-0x0000000800b2b000-0x0000000800b2b000), size 11710464, SharedBaseAddress: 0x0000000800000000, ArchiveRelocationMode: 0.
[2022-04-06T17:28:04.902-0800][0.321s] Compressed class space mapped at: 0x0000000800b2c000-0x0000000840b2c000, size: 1073741824
[2022-04-06T17:28:04.902-0800][0.321s] Narrow klass base: 0x0000000800000000, Narrow klass shift: 3, Narrow klass range: 0x100000000
[2022-04-06T17:28:07.553-0800][2.973s] GC(0) Pause Young (Normal) (G1 Evacuation Pause)
[2022-04-06T17:28:07.554-0800][2.974s] GC(0) Using 8 workers of 8 for evacuation
[2022-04-06T17:28:07.578-0800][2.997s] GC(0)   Pre Evacuate Collection Set: 0.4ms
[2022-04-06T17:28:07.578-0800][2.997s] GC(0)   Merge Heap Roots: 0.5ms
[2022-04-06T17:28:07.578-0800][2.997s] GC(0)   Evacuate Collection Set: 21.2ms
[2022-04-06T17:28:07.578-0800][2.997s] GC(0)   Post Evacuate Collection Set: 0.8ms
[2022-04-06T17:28:07.578-0800][2.997s] GC(0)   Other: 1.7ms
[2022-04-06T17:28:07.578-0800][2.997s] GC(0) Eden regions: 29->0(52)
[2022-04-06T17:28:07.578-0800][2.997s] GC(0) Survivor regions: 0->4(4)
[2022-04-06T17:28:07.578-0800][2.997s] GC(0) Old regions: 0->0
[2022-04-06T17:28:07.578-0800][2.997s] GC(0) Archive regions: 2->2
[2022-04-06T17:28:07.578-0800][2.997s] GC(0) Humongous regions: 0->0
[2022-04-06T17:28:07.578-0800][2.997s] GC(0) Metaspace: 7232K(8192K)->7232K(8192K) NonClass: 6373K(7168K)->6373K(7168K) Class: 858K(1024K)->858K(1024K)
[2022-04-06T17:28:07.578-0800][2.998s] GC(0) Pause Young (Normal) (G1 Evacuation Pause) 29M->3M(512M) 25.048ms
[2022-04-06T17:28:07.578-0800][2.998s] GC(0) User=0.03s Sys=0.02s Real=0.02s
[2022-04-06T17:28:10.483-0800][5.903s] GC(1) Pause Young (Normal) (G1 Evacuation Pause)
[2022-04-06T17:28:10.483-0800][5.903s] GC(1) Using 8 workers of 8 for evacuation
[2022-04-06T17:28:10.540-0800][5.959s] GC(1)   Pre Evacuate Collection Set: 0.1ms
[2022-04-06T17:28:10.540-0800][5.959s] GC(1)   Merge Heap Roots: 0.1ms
[2022-04-06T17:28:10.540-0800][5.959s] GC(1)   Evacuate Collection Set: 54.9ms
[2022-04-06T17:28:10.540-0800][5.959s] GC(1)   Post Evacuate Collection Set: 0.9ms
[2022-04-06T17:28:10.540-0800][5.959s] GC(1)   Other: 0.2ms
[2022-04-06T17:28:10.540-0800][5.959s] GC(1) Eden regions: 52->0(67)
[2022-04-06T17:28:10.540-0800][5.959s] GC(1) Survivor regions: 4->7(7)
[2022-04-06T17:28:10.540-0800][5.959s] GC(1) Old regions: 0->12
[2022-04-06T17:28:10.540-0800][5.959s] GC(1) Archive regions: 2->2
[2022-04-06T17:28:10.540-0800][5.959s] GC(1) Humongous regions: 4->4
[2022-04-06T17:28:10.540-0800][5.959s] GC(1) Metaspace: 16377K(17152K)->16377K(17152K) NonClass: 14488K(15104K)->14488K(15104K) Class: 1889K(2048K)->1889K(2048K)
[2022-04-06T17:28:10.540-0800][5.959s] GC(1) Pause Young (Normal) (G1 Evacuation Pause) 59M->23M(512M) 56.539ms
[2022-04-06T17:28:10.540-0800][5.959s] GC(1) User=0.08s Sys=0.05s Real=0.06s
[2022-04-06T17:28:11.359-0800][6.778s] GC(2) Pause Young (Concurrent Start) (Metadata GC Threshold)
[2022-04-06T17:28:11.359-0800][6.778s] GC(2) Using 8 workers of 8 for evacuation
[2022-04-06T17:28:11.399-0800][6.818s] GC(2)   Pre Evacuate Collection Set: 0.2ms
[2022-04-06T17:28:11.399-0800][6.818s] GC(2)   Merge Heap Roots: 0.3ms
[2022-04-06T17:28:11.399-0800][6.818s] GC(2)   Evacuate Collection Set: 37.6ms
[2022-04-06T17:28:11.399-0800][6.818s] GC(2)   Post Evacuate Collection Set: 1.0ms
[2022-04-06T17:28:11.399-0800][6.818s] GC(2)   Other: 0.8ms
[2022-04-06T17:28:11.399-0800][6.818s] GC(2) Eden regions: 23->0(117)
[2022-04-06T17:28:11.399-0800][6.818s] GC(2) Survivor regions: 7->1(8)
[2022-04-06T17:28:11.399-0800][6.818s] GC(2) Old regions: 12->19
[2022-04-06T17:28:11.399-0800][6.818s] GC(2) Archive regions: 2->2
[2022-04-06T17:28:11.399-0800][6.818s] GC(2) Humongous regions: 4->4
[2022-04-06T17:28:11.399-0800][6.818s] GC(2) Metaspace: 20488K(21248K)->20488K(21248K) NonClass: 18176K(18688K)->18176K(18688K) Class: 2311K(2560K)->2311K(2560K)
[2022-04-06T17:28:11.399-0800][6.818s] GC(2) Pause Young (Concurrent Start) (Metadata GC Threshold) 45M->24M(512M) 40.047ms
[2022-04-06T17:28:11.399-0800][6.818s] GC(2) User=0.07s Sys=0.02s Real=0.04s
[2022-04-06T17:28:11.400-0800][6.819s] GC(3) Concurrent Cycle
[2022-04-06T17:28:11.400-0800][6.819s] GC(3) Concurrent Clear Claimed Marks
[2022-04-06T17:28:11.400-0800][6.819s] GC(3) Concurrent Clear Claimed Marks 0.113ms
[2022-04-06T17:28:11.400-0800][6.819s] GC(3) Concurrent Scan Root Regions
[2022-04-06T17:28:11.405-0800][6.825s] GC(3) Concurrent Scan Root Regions 5.312ms
[2022-04-06T17:28:11.405-0800][6.825s] GC(3) Concurrent Mark (6.825s)
[2022-04-06T17:28:11.405-0800][6.825s] GC(3) Concurrent Mark From Roots
[2022-04-06T17:28:11.405-0800][6.825s] GC(3) Using 2 workers of 2 for marking
[2022-04-06T17:28:11.426-0800][6.846s] GC(3) Concurrent Mark From Roots 21.172ms
[2022-04-06T17:28:11.426-0800][6.846s] GC(3) Concurrent Preclean
[2022-04-06T17:28:11.427-0800][6.846s] GC(3) Concurrent Preclean 0.465ms
[2022-04-06T17:28:11.427-0800][6.846s] GC(3) Concurrent Mark (6.825s, 6.846s) 21.762ms
[2022-04-06T17:28:11.429-0800][6.848s] GC(3) Pause Remark
[2022-04-06T17:28:11.455-0800][6.875s] GC(3) Pause Remark 25M->25M(512M) 26.529ms
[2022-04-06T17:28:11.455-0800][6.875s] GC(3) User=0.02s Sys=0.04s Real=0.03s
[2022-04-06T17:28:11.456-0800][6.875s] GC(3) Concurrent Rebuild Remembered Sets
[2022-04-06T17:28:11.491-0800][6.911s] GC(3) Concurrent Rebuild Remembered Sets 35.249ms
[2022-04-06T17:28:11.493-0800][6.913s] GC(3) Pause Cleanup
[2022-04-06T17:28:11.494-0800][6.913s] GC(3) Pause Cleanup 25M->25M(512M) 0.191ms
[2022-04-06T17:28:11.494-0800][6.913s] GC(3) User=0.00s Sys=0.00s Real=0.00s
[2022-04-06T17:28:11.494-0800][6.913s] GC(3) Concurrent Cleanup for Next Mark
[2022-04-06T17:28:11.505-0800][6.924s] GC(3) Concurrent Cleanup for Next Mark 10.578ms
[2022-04-06T17:28:11.505-0800][6.924s] GC(3) Concurrent Cycle 104.955ms
[2022-04-06T17:28:16.359-0800][11.778s] GC(4) Pause Young (Concurrent Start) (Metadata GC Threshold)
[2022-04-06T17:28:16.359-0800][11.778s] GC(4) Using 8 workers of 8 for evacuation
[2022-04-06T17:28:16.373-0800][11.792s] GC(4)   Pre Evacuate Collection Set: 0.2ms
[2022-04-06T17:28:16.373-0800][11.793s] GC(4)   Merge Heap Roots: 0.1ms
[2022-04-06T17:28:16.373-0800][11.793s] GC(4)   Evacuate Collection Set: 12.3ms
[2022-04-06T17:28:16.373-0800][11.793s] GC(4)   Post Evacuate Collection Set: 1.3ms
[2022-04-06T17:28:16.373-0800][11.793s] GC(4)   Other: 0.3ms
[2022-04-06T17:28:16.373-0800][11.793s] GC(4) Eden regions: 75->0(301)
[2022-04-06T17:28:16.373-0800][11.793s] GC(4) Survivor regions: 1->6(15)
[2022-04-06T17:28:16.373-0800][11.793s] GC(4) Old regions: 19->19
[2022-04-06T17:28:16.373-0800][11.793s] GC(4) Archive regions: 2->2
[2022-04-06T17:28:16.373-0800][11.793s] GC(4) Humongous regions: 4->4
[2022-04-06T17:28:16.373-0800][11.793s] GC(4) Metaspace: 34973K(35840K)->34973K(35840K) NonClass: 30923K(31616K)->30923K(31616K) Class: 4050K(4224K)->4050K(4224K)
[2022-04-06T17:28:16.373-0800][11.793s] GC(4) Pause Young (Concurrent Start) (Metadata GC Threshold) 99M->29M(512M) 14.517ms
[2022-04-06T17:28:16.374-0800][11.793s] GC(4) User=0.04s Sys=0.01s Real=0.02s
[2022-04-06T17:28:16.374-0800][11.793s] GC(5) Concurrent Cycle
[2022-04-06T17:28:16.374-0800][11.793s] GC(5) Concurrent Clear Claimed Marks
[2022-04-06T17:28:16.374-0800][11.793s] GC(5) Concurrent Clear Claimed Marks 0.027ms
[2022-04-06T17:28:16.374-0800][11.793s] GC(5) Concurrent Scan Root Regions
[2022-04-06T17:28:16.378-0800][11.797s] GC(5) Concurrent Scan Root Regions 3.927ms
[2022-04-06T17:28:16.378-0800][11.797s] GC(5) Concurrent Mark (11.797s)
[2022-04-06T17:28:16.378-0800][11.797s] GC(5) Concurrent Mark From Roots
[2022-04-06T17:28:16.378-0800][11.797s] GC(5) Using 2 workers of 2 for marking
[2022-04-06T17:28:16.395-0800][11.815s] GC(5) Concurrent Mark From Roots 17.814ms
[2022-04-06T17:28:16.396-0800][11.815s] GC(5) Concurrent Preclean
[2022-04-06T17:28:16.396-0800][11.815s] GC(5) Concurrent Preclean 0.121ms
[2022-04-06T17:28:16.396-0800][11.815s] GC(5) Concurrent Mark (11.797s, 11.815s) 18.064ms
[2022-04-06T17:28:16.398-0800][11.817s] GC(5) Pause Remark
[2022-04-06T17:28:16.418-0800][11.837s] GC(5) Pause Remark 30M->30M(512M) 20.455ms
[2022-04-06T17:28:16.418-0800][11.837s] GC(5) User=0.02s Sys=0.03s Real=0.02s
[2022-04-06T17:28:16.418-0800][11.838s] GC(5) Concurrent Rebuild Remembered Sets
[2022-04-06T17:28:16.429-0800][11.848s] GC(5) Concurrent Rebuild Remembered Sets 10.886ms
[2022-04-06T17:28:16.433-0800][11.853s] GC(5) Pause Cleanup
[2022-04-06T17:28:16.434-0800][11.853s] GC(5) Pause Cleanup 30M->30M(512M) 0.269ms
[2022-04-06T17:28:16.434-0800][11.853s] GC(5) User=0.00s Sys=0.00s Real=0.00s
[2022-04-06T17:28:16.434-0800][11.853s] GC(5) Concurrent Cleanup for Next Mark
[2022-04-06T17:28:16.443-0800][11.863s] GC(5) Concurrent Cleanup for Next Mark 9.499ms
[2022-04-06T17:28:16.443-0800][11.863s] GC(5) Concurrent Cycle 69.885ms
[2022-04-07T11:27:25.501-0800][22937.241s] GC(6) Pause Young (Normal) (G1 Evacuation Pause)
[2022-04-07T11:27:25.502-0800][22937.242s] GC(6) Using 8 workers of 8 for evacuation
[2022-04-07T11:27:25.731-0800][22937.471s] GC(6)   Pre Evacuate Collection Set: 2.1ms
[2022-04-07T11:27:25.731-0800][22937.471s] GC(6)   Merge Heap Roots: 0.5ms
[2022-04-07T11:27:25.731-0800][22937.471s] GC(6)   Evacuate Collection Set: 185.2ms
[2022-04-07T11:27:25.731-0800][22937.471s] GC(6)   Post Evacuate Collection Set: 39.6ms
[2022-04-07T11:27:25.732-0800][22937.471s] GC(6)   Other: 2.0ms
[2022-04-07T11:27:25.732-0800][22937.471s] GC(6) Eden regions: 301->0(287)
[2022-04-07T11:27:25.732-0800][22937.471s] GC(6) Survivor regions: 6->20(39)
[2022-04-07T11:27:25.732-0800][22937.471s] GC(6) Old regions: 19->19
[2022-04-07T11:27:25.732-0800][22937.471s] GC(6) Archive regions: 2->2
[2022-04-07T11:27:25.732-0800][22937.471s] GC(6) Humongous regions: 8->7
[2022-04-07T11:27:25.732-0800][22937.471s] GC(6) Metaspace: 52469K(53888K)->52469K(53888K) NonClass: 46396K(47616K)->46396K(47616K) Class: 6072K(6272K)->6072K(6272K)
[2022-04-07T11:27:25.732-0800][22937.471s] GC(6) Pause Young (Normal) (G1 Evacuation Pause) 334M->46M(512M) 230.611ms
[2022-04-07T11:27:25.732-0800][22937.471s] GC(6) User=0.15s Sys=0.28s Real=0.23s
[2022-04-07T11:27:34.410-0800][22946.150s] GC(7) Pause Young (Normal) (G1 Evacuation Pause)
[2022-04-07T11:27:34.410-0800][22946.150s] GC(7) Using 8 workers of 8 for evacuation
[2022-04-07T11:27:34.509-0800][22946.249s] GC(7)   Pre Evacuate Collection Set: 0.2ms
[2022-04-07T11:27:34.509-0800][22946.249s] GC(7)   Merge Heap Roots: 0.3ms
[2022-04-07T11:27:34.509-0800][22946.249s] GC(7)   Evacuate Collection Set: 83.8ms
[2022-04-07T11:27:34.509-0800][22946.249s] GC(7)   Post Evacuate Collection Set: 14.4ms
[2022-04-07T11:27:34.509-0800][22946.249s] GC(7)   Other: 0.6ms
[2022-04-07T11:27:34.509-0800][22946.249s] GC(7) Eden regions: 287->0(276)
[2022-04-07T11:27:34.509-0800][22946.249s] GC(7) Survivor regions: 20->31(39)
[2022-04-07T11:27:34.509-0800][22946.249s] GC(7) Old regions: 19->20
[2022-04-07T11:27:34.509-0800][22946.249s] GC(7) Archive regions: 2->2
[2022-04-07T11:27:34.509-0800][22946.249s] GC(7) Humongous regions: 7->7
[2022-04-07T11:27:34.509-0800][22946.249s] GC(7) Metaspace: 53946K(55296K)->53946K(55296K) NonClass: 47786K(48896K)->47786K(48896K) Class: 6160K(6400K)->6160K(6400K)
[2022-04-07T11:27:34.509-0800][22946.249s] GC(7) Pause Young (Normal) (G1 Evacuation Pause) 333M->58M(512M) 99.554ms
[2022-04-07T11:27:34.509-0800][22946.249s] GC(7) User=0.10s Sys=0.14s Real=0.09s
[2022-04-07T11:31:16.234-0800][23167.986s] Heap
[2022-04-07T11:31:16.235-0800][23167.987s]  garbage-first heap   total 524288K, used 218390K [0x00000007e0000000, 0x0000000800000000)
[2022-04-07T11:31:16.235-0800][23167.987s]   region size 1024K, 188 young (192512K), 31 survivors (31744K)
[2022-04-07T11:31:16.235-0800][23167.987s]  Metaspace       used 55570K, capacity 56032K, committed 56960K, reserved 1099776K
[2022-04-07T11:31:16.235-0800][23167.987s]   class space    used 6298K, capacity 6434K, committed 6528K, reserved 1048576K
