[2022-04-06T17:19:59.514-0800][0.020s] Using G1
[2022-04-06T17:19:59.818-0800][0.324s] Version: 15.0.1+9-18 (release)
[2022-04-06T17:19:59.818-0800][0.324s] CPUs: 8 total, 8 available
[2022-04-06T17:19:59.818-0800][0.324s] Memory: 8192M
[2022-04-06T17:19:59.818-0800][0.324s] Large Page Support: Disabled
[2022-04-06T17:19:59.818-0800][0.324s] NUMA Support: Disabled
[2022-04-06T17:19:59.818-0800][0.324s] Compressed Oops: Enabled (Zero based)
[2022-04-06T17:19:59.818-0800][0.324s] Heap Region Size: 1M
[2022-04-06T17:19:59.818-0800][0.324s] Heap Min Capacity: 512M
[2022-04-06T17:19:59.818-0800][0.324s] Heap Initial Capacity: 512M
[2022-04-06T17:19:59.818-0800][0.324s] Heap Max Capacity: 512M
[2022-04-06T17:19:59.818-0800][0.324s] Pre-touch: Enabled
[2022-04-06T17:19:59.818-0800][0.324s] Parallel Workers: 8
[2022-04-06T17:19:59.818-0800][0.324s] Concurrent Workers: 2
[2022-04-06T17:19:59.818-0800][0.324s] Concurrent Refinement Workers: 8
[2022-04-06T17:19:59.818-0800][0.324s] Periodic GC: Disabled
[2022-04-06T17:19:59.819-0800][0.325s] Mark closed archive regions in map: [0x00000007fff00000, 0x00000007fff78ff8]
[2022-04-06T17:19:59.819-0800][0.325s] Mark open archive regions in map: [0x00000007ffe00000, 0x00000007ffe50ff8]
[2022-04-06T17:19:59.819-0800][0.325s] CDS archive(s) mapped at: [0x0000000800000000-0x0000000800b2b000-0x0000000800b2b000), size 11710464, SharedBaseAddress: 0x0000000800000000, ArchiveRelocationMode: 0.
[2022-04-06T17:19:59.819-0800][0.325s] Compressed class space mapped at: 0x0000000800b2c000-0x0000000840b2c000, size: 1073741824
[2022-04-06T17:19:59.819-0800][0.325s] Narrow klass base: 0x0000000800000000, Narrow klass shift: 3, Narrow klass range: 0x100000000
[2022-04-06T17:20:02.387-0800][2.894s] GC(0) Pause Young (Normal) (G1 Evacuation Pause)
[2022-04-06T17:20:02.388-0800][2.895s] GC(0) Using 8 workers of 8 for evacuation
[2022-04-06T17:20:02.411-0800][2.917s] GC(0)   Pre Evacuate Collection Set: 0.2ms
[2022-04-06T17:20:02.411-0800][2.917s] GC(0)   Merge Heap Roots: 0.5ms
[2022-04-06T17:20:02.411-0800][2.917s] GC(0)   Evacuate Collection Set: 20.3ms
[2022-04-06T17:20:02.411-0800][2.917s] GC(0)   Post Evacuate Collection Set: 0.9ms
[2022-04-06T17:20:02.411-0800][2.917s] GC(0)   Other: 1.8ms
[2022-04-06T17:20:02.411-0800][2.917s] GC(0) Eden regions: 29->0(53)
[2022-04-06T17:20:02.411-0800][2.917s] GC(0) Survivor regions: 0->4(4)
[2022-04-06T17:20:02.411-0800][2.917s] GC(0) Old regions: 0->0
[2022-04-06T17:20:02.411-0800][2.917s] GC(0) Archive regions: 2->2
[2022-04-06T17:20:02.411-0800][2.917s] GC(0) Humongous regions: 0->0
[2022-04-06T17:20:02.411-0800][2.917s] GC(0) Metaspace: 7237K(8192K)->7237K(8192K) NonClass: 6379K(7168K)->6379K(7168K) Class: 858K(1024K)->858K(1024K)
[2022-04-06T17:20:02.411-0800][2.918s] GC(0) Pause Young (Normal) (G1 Evacuation Pause) 29M->3M(512M) 24.081ms
[2022-04-06T17:20:02.411-0800][2.918s] GC(0) User=0.03s Sys=0.02s Real=0.03s
[2022-04-06T17:20:05.067-0800][5.573s] GC(1) Pause Young (Normal) (G1 Evacuation Pause)
[2022-04-06T17:20:05.067-0800][5.573s] GC(1) Using 8 workers of 8 for evacuation
[2022-04-06T17:20:05.101-0800][5.608s] GC(1)   Pre Evacuate Collection Set: 0.2ms
[2022-04-06T17:20:05.102-0800][5.608s] GC(1)   Merge Heap Roots: 0.1ms
[2022-04-06T17:20:05.102-0800][5.608s] GC(1)   Evacuate Collection Set: 33.4ms
[2022-04-06T17:20:05.102-0800][5.608s] GC(1)   Post Evacuate Collection Set: 0.7ms
[2022-04-06T17:20:05.102-0800][5.608s] GC(1)   Other: 0.3ms
[2022-04-06T17:20:05.102-0800][5.608s] GC(1) Eden regions: 53->0(69)
[2022-04-06T17:20:05.102-0800][5.608s] GC(1) Survivor regions: 4->8(8)
[2022-04-06T17:20:05.102-0800][5.608s] GC(1) Old regions: 0->11
[2022-04-06T17:20:05.102-0800][5.608s] GC(1) Archive regions: 2->2
[2022-04-06T17:20:05.102-0800][5.608s] GC(1) Humongous regions: 4->4
[2022-04-06T17:20:05.102-0800][5.608s] GC(1) Metaspace: 16552K(17152K)->16552K(17152K) NonClass: 14636K(15104K)->14636K(15104K) Class: 1915K(2048K)->1915K(2048K)
[2022-04-06T17:20:05.102-0800][5.608s] GC(1) Pause Young (Normal) (G1 Evacuation Pause) 60M->23M(512M) 34.818ms
[2022-04-06T17:20:05.102-0800][5.608s] GC(1) User=0.08s Sys=0.05s Real=0.04s
[2022-04-06T17:20:06.069-0800][6.575s] GC(2) Pause Young (Concurrent Start) (Metadata GC Threshold)
[2022-04-06T17:20:06.069-0800][6.575s] GC(2) Using 8 workers of 8 for evacuation
[2022-04-06T17:20:06.106-0800][6.613s] GC(2)   Pre Evacuate Collection Set: 0.1ms
[2022-04-06T17:20:06.106-0800][6.613s] GC(2)   Merge Heap Roots: 0.1ms
[2022-04-06T17:20:06.107-0800][6.613s] GC(2)   Evacuate Collection Set: 36.0ms
[2022-04-06T17:20:06.107-0800][6.613s] GC(2)   Post Evacuate Collection Set: 0.6ms
[2022-04-06T17:20:06.107-0800][6.613s] GC(2)   Other: 0.8ms
[2022-04-06T17:20:06.107-0800][6.613s] GC(2) Eden regions: 22->0(125)
[2022-04-06T17:20:06.107-0800][6.613s] GC(2) Survivor regions: 8->1(9)
[2022-04-06T17:20:06.107-0800][6.613s] GC(2) Old regions: 11->20
[2022-04-06T17:20:06.107-0800][6.613s] GC(2) Archive regions: 2->2
[2022-04-06T17:20:06.107-0800][6.613s] GC(2) Humongous regions: 4->4
[2022-04-06T17:20:06.107-0800][6.613s] GC(2) Metaspace: 20540K(21248K)->20540K(21248K) NonClass: 18221K(18688K)->18221K(18688K) Class: 2318K(2560K)->2318K(2560K)
[2022-04-06T17:20:06.107-0800][6.613s] GC(2) Pause Young (Concurrent Start) (Metadata GC Threshold) 44M->24M(512M) 38.040ms
[2022-04-06T17:20:06.107-0800][6.613s] GC(2) User=0.05s Sys=0.03s Real=0.04s
[2022-04-06T17:20:06.108-0800][6.614s] GC(3) Concurrent Cycle
[2022-04-06T17:20:06.108-0800][6.614s] GC(3) Concurrent Clear Claimed Marks
[2022-04-06T17:20:06.108-0800][6.614s] GC(3) Concurrent Clear Claimed Marks 0.062ms
[2022-04-06T17:20:06.108-0800][6.614s] GC(3) Concurrent Scan Root Regions
[2022-04-06T17:20:06.115-0800][6.621s] GC(3) Concurrent Scan Root Regions 6.636ms
[2022-04-06T17:20:06.115-0800][6.621s] GC(3) Concurrent Mark (6.621s)
[2022-04-06T17:20:06.115-0800][6.621s] GC(3) Concurrent Mark From Roots
[2022-04-06T17:20:06.115-0800][6.621s] GC(3) Using 2 workers of 2 for marking
[2022-04-06T17:20:06.137-0800][6.644s] GC(3) Concurrent Mark From Roots 22.646ms
[2022-04-06T17:20:06.137-0800][6.644s] GC(3) Concurrent Preclean
[2022-04-06T17:20:06.138-0800][6.644s] GC(3) Concurrent Preclean 0.472ms
[2022-04-06T17:20:06.138-0800][6.644s] GC(3) Concurrent Mark (6.621s, 6.644s) 23.267ms
[2022-04-06T17:20:06.140-0800][6.646s] GC(3) Pause Remark
[2022-04-06T17:20:06.166-0800][6.673s] GC(3) Pause Remark 25M->25M(512M) 26.898ms
[2022-04-06T17:20:06.167-0800][6.673s] GC(3) User=0.02s Sys=0.04s Real=0.02s
[2022-04-06T17:20:06.167-0800][6.673s] GC(3) Concurrent Rebuild Remembered Sets
[2022-04-06T17:20:06.207-0800][6.714s] GC(3) Concurrent Rebuild Remembered Sets 40.578ms
[2022-04-06T17:20:06.209-0800][6.715s] GC(3) Pause Cleanup
[2022-04-06T17:20:06.209-0800][6.716s] GC(3) Pause Cleanup 25M->25M(512M) 0.258ms
[2022-04-06T17:20:06.209-0800][6.716s] GC(3) User=0.00s Sys=0.00s Real=0.00s
[2022-04-06T17:20:06.210-0800][6.716s] GC(3) Concurrent Cleanup for Next Mark
[2022-04-06T17:20:06.213-0800][6.720s] GC(3) Concurrent Cleanup for Next Mark 3.690ms
[2022-04-06T17:20:06.213-0800][6.720s] GC(3) Concurrent Cycle 105.612ms
[2022-04-06T17:20:13.871-0800][14.377s] GC(4) Pause Young (Concurrent Start) (Metadata GC Threshold)
[2022-04-06T17:20:13.871-0800][14.377s] GC(4) Using 8 workers of 8 for evacuation
[2022-04-06T17:20:13.885-0800][14.391s] GC(4)   Pre Evacuate Collection Set: 0.2ms
[2022-04-06T17:20:13.885-0800][14.392s] GC(4)   Merge Heap Roots: 0.1ms
[2022-04-06T17:20:13.885-0800][14.392s] GC(4)   Evacuate Collection Set: 12.3ms
[2022-04-06T17:20:13.885-0800][14.392s] GC(4)   Post Evacuate Collection Set: 1.2ms
[2022-04-06T17:20:13.885-0800][14.392s] GC(4)   Other: 0.5ms
[2022-04-06T17:20:13.885-0800][14.392s] GC(4) Eden regions: 80->0(301)
[2022-04-06T17:20:13.885-0800][14.392s] GC(4) Survivor regions: 1->6(16)
[2022-04-06T17:20:13.885-0800][14.392s] GC(4) Old regions: 20->20
[2022-04-06T17:20:13.885-0800][14.392s] GC(4) Archive regions: 2->2
[2022-04-06T17:20:13.885-0800][14.392s] GC(4) Humongous regions: 4->4
[2022-04-06T17:20:13.885-0800][14.392s] GC(4) Metaspace: 35025K(35840K)->35025K(35840K) NonClass: 30975K(31616K)->30975K(31616K) Class: 4050K(4224K)->4050K(4224K)
[2022-04-06T17:20:13.886-0800][14.392s] GC(4) Pause Young (Concurrent Start) (Metadata GC Threshold) 104M->29M(512M) 14.591ms
[2022-04-06T17:20:13.886-0800][14.392s] GC(4) User=0.04s Sys=0.02s Real=0.01s
[2022-04-06T17:20:13.886-0800][14.392s] GC(5) Concurrent Cycle
[2022-04-06T17:20:13.886-0800][14.392s] GC(5) Concurrent Clear Claimed Marks
[2022-04-06T17:20:13.886-0800][14.392s] GC(5) Concurrent Clear Claimed Marks 0.032ms
[2022-04-06T17:20:13.886-0800][14.392s] GC(5) Concurrent Scan Root Regions
[2022-04-06T17:20:13.890-0800][14.396s] GC(5) Concurrent Scan Root Regions 4.377ms
[2022-04-06T17:20:13.896-0800][14.403s] GC(5) Concurrent Mark (14.403s)
[2022-04-06T17:20:13.896-0800][14.403s] GC(5) Concurrent Mark From Roots
[2022-04-06T17:20:13.897-0800][14.403s] GC(5) Using 2 workers of 2 for marking
[2022-04-06T17:20:13.921-0800][14.427s] GC(5) Concurrent Mark From Roots 24.260ms
[2022-04-06T17:20:13.921-0800][14.427s] GC(5) Concurrent Preclean
[2022-04-06T17:20:13.921-0800][14.427s] GC(5) Concurrent Preclean 0.181ms
[2022-04-06T17:20:13.922-0800][14.428s] GC(5) Concurrent Mark (14.403s, 14.428s) 25.595ms
[2022-04-06T17:20:13.924-0800][14.430s] GC(5) Pause Remark
[2022-04-06T17:20:13.958-0800][14.464s] GC(5) Pause Remark 31M->31M(512M) 34.297ms
[2022-04-06T17:20:13.958-0800][14.464s] GC(5) User=0.03s Sys=0.05s Real=0.03s
[2022-04-06T17:20:13.958-0800][14.465s] GC(5) Concurrent Rebuild Remembered Sets
[2022-04-06T17:20:13.972-0800][14.479s] GC(5) Concurrent Rebuild Remembered Sets 13.931ms
[2022-04-06T17:20:13.976-0800][14.482s] GC(5) Pause Cleanup
[2022-04-06T17:20:13.976-0800][14.482s] GC(5) Pause Cleanup 31M->31M(512M) 0.236ms
[2022-04-06T17:20:13.976-0800][14.482s] GC(5) User=0.00s Sys=0.00s Real=0.00s
[2022-04-06T17:20:13.976-0800][14.482s] GC(5) Concurrent Cleanup for Next Mark
[2022-04-06T17:20:13.982-0800][14.488s] GC(5) Concurrent Cleanup for Next Mark 5.494ms
[2022-04-06T17:20:13.982-0800][14.488s] GC(5) Concurrent Cycle 96.110ms
[2022-04-06T17:22:11.297-0800][131.801s] Heap
[2022-04-06T17:22:11.297-0800][131.801s]  garbage-first heap   total 524288K, used 157988K [0x00000007e0000000, 0x0000000800000000)
[2022-04-06T17:22:11.297-0800][131.801s]   region size 1024K, 129 young (132096K), 6 survivors (6144K)
[2022-04-06T17:22:11.297-0800][131.801s]  Metaspace       used 51492K, capacity 51947K, committed 52864K, reserved 1095680K
[2022-04-06T17:22:11.297-0800][131.801s]   class space    used 6072K, capacity 6245K, committed 6272K, reserved 1048576K
