[2022-04-06T17:17:43.013-0800][0.023s] Using G1
[2022-04-06T17:17:43.291-0800][0.300s] Version: 15.0.1+9-18 (release)
[2022-04-06T17:17:43.291-0800][0.300s] CPUs: 8 total, 8 available
[2022-04-06T17:17:43.291-0800][0.300s] Memory: 8192M
[2022-04-06T17:17:43.291-0800][0.300s] Large Page Support: Disabled
[2022-04-06T17:17:43.291-0800][0.300s] NUMA Support: Disabled
[2022-04-06T17:17:43.291-0800][0.300s] Compressed Oops: Enabled (Zero based)
[2022-04-06T17:17:43.291-0800][0.300s] Heap Region Size: 1M
[2022-04-06T17:17:43.291-0800][0.300s] Heap Min Capacity: 512M
[2022-04-06T17:17:43.291-0800][0.300s] Heap Initial Capacity: 512M
[2022-04-06T17:17:43.291-0800][0.300s] Heap Max Capacity: 512M
[2022-04-06T17:17:43.291-0800][0.300s] Pre-touch: Enabled
[2022-04-06T17:17:43.291-0800][0.300s] Parallel Workers: 8
[2022-04-06T17:17:43.291-0800][0.301s] Concurrent Workers: 2
[2022-04-06T17:17:43.291-0800][0.301s] Concurrent Refinement Workers: 8
[2022-04-06T17:17:43.291-0800][0.301s] Periodic GC: Disabled
[2022-04-06T17:17:43.292-0800][0.301s] Mark closed archive regions in map: [0x00000007fff00000, 0x00000007fff78ff8]
[2022-04-06T17:17:43.292-0800][0.301s] Mark open archive regions in map: [0x00000007ffe00000, 0x00000007ffe50ff8]
[2022-04-06T17:17:43.292-0800][0.301s] CDS archive(s) mapped at: [0x0000000800000000-0x0000000800b2b000-0x0000000800b2b000), size 11710464, SharedBaseAddress: 0x0000000800000000, ArchiveRelocationMode: 0.
[2022-04-06T17:17:43.292-0800][0.302s] Compressed class space mapped at: 0x0000000800b2c000-0x0000000840b2c000, size: 1073741824
[2022-04-06T17:17:43.292-0800][0.302s] Narrow klass base: 0x0000000800000000, Narrow klass shift: 3, Narrow klass range: 0x100000000
[2022-04-06T17:17:46.954-0800][3.963s] GC(0) Pause Young (Normal) (G1 Evacuation Pause)
[2022-04-06T17:17:46.959-0800][3.968s] GC(0) Using 8 workers of 8 for evacuation
[2022-04-06T17:17:47.009-0800][4.018s] GC(0)   Pre Evacuate Collection Set: 2.3ms
[2022-04-06T17:17:47.009-0800][4.018s] GC(0)   Merge Heap Roots: 1.3ms
[2022-04-06T17:17:47.009-0800][4.018s] GC(0)   Evacuate Collection Set: 43.7ms
[2022-04-06T17:17:47.009-0800][4.018s] GC(0)   Post Evacuate Collection Set: 1.3ms
[2022-04-06T17:17:47.009-0800][4.018s] GC(0)   Other: 5.8ms
[2022-04-06T17:17:47.009-0800][4.018s] GC(0) Eden regions: 29->0(52)
[2022-04-06T17:17:47.009-0800][4.018s] GC(0) Survivor regions: 0->4(4)
[2022-04-06T17:17:47.009-0800][4.018s] GC(0) Old regions: 0->0
[2022-04-06T17:17:47.009-0800][4.018s] GC(0) Archive regions: 2->2
[2022-04-06T17:17:47.009-0800][4.018s] GC(0) Humongous regions: 0->0
[2022-04-06T17:17:47.009-0800][4.018s] GC(0) Metaspace: 7221K(8192K)->7221K(8192K) NonClass: 6363K(7168K)->6363K(7168K) Class: 858K(1024K)->858K(1024K)
[2022-04-06T17:17:47.009-0800][4.019s] GC(0) Pause Young (Normal) (G1 Evacuation Pause) 29M->3M(512M) 55.296ms
[2022-04-06T17:17:47.009-0800][4.019s] GC(0) User=0.06s Sys=0.02s Real=0.05s
[2022-04-06T17:17:50.526-0800][7.535s] GC(1) Pause Young (Normal) (G1 Evacuation Pause)
[2022-04-06T17:17:50.526-0800][7.535s] GC(1) Using 8 workers of 8 for evacuation
[2022-04-06T17:17:50.606-0800][7.615s] GC(1)   Pre Evacuate Collection Set: 0.1ms
[2022-04-06T17:17:50.606-0800][7.616s] GC(1)   Merge Heap Roots: 0.3ms
[2022-04-06T17:17:50.606-0800][7.616s] GC(1)   Evacuate Collection Set: 77.0ms
[2022-04-06T17:17:50.606-0800][7.616s] GC(1)   Post Evacuate Collection Set: 2.5ms
[2022-04-06T17:17:50.606-0800][7.616s] GC(1)   Other: 0.3ms
[2022-04-06T17:17:50.606-0800][7.616s] GC(1) Eden regions: 52->0(64)
[2022-04-06T17:17:50.607-0800][7.616s] GC(1) Survivor regions: 4->7(7)
[2022-04-06T17:17:50.607-0800][7.616s] GC(1) Old regions: 0->12
[2022-04-06T17:17:50.607-0800][7.616s] GC(1) Archive regions: 2->2
[2022-04-06T17:17:50.607-0800][7.616s] GC(1) Humongous regions: 4->4
[2022-04-06T17:17:50.607-0800][7.616s] GC(1) Metaspace: 16364K(17152K)->16364K(17152K) NonClass: 14475K(15104K)->14475K(15104K) Class: 1889K(2048K)->1889K(2048K)
[2022-04-06T17:17:50.607-0800][7.616s] GC(1) Pause Young (Normal) (G1 Evacuation Pause) 59M->23M(512M) 80.477ms
[2022-04-06T17:17:50.607-0800][7.616s] GC(1) User=0.08s Sys=0.06s Real=0.08s
[2022-04-06T17:17:51.613-0800][8.622s] GC(2) Pause Young (Concurrent Start) (Metadata GC Threshold)
[2022-04-06T17:17:51.613-0800][8.622s] GC(2) Using 8 workers of 8 for evacuation
[2022-04-06T17:17:51.630-0800][8.639s] GC(2)   Pre Evacuate Collection Set: 0.1ms
[2022-04-06T17:17:51.630-0800][8.639s] GC(2)   Merge Heap Roots: 0.1ms
[2022-04-06T17:17:51.630-0800][8.639s] GC(2)   Evacuate Collection Set: 15.4ms
[2022-04-06T17:17:51.630-0800][8.639s] GC(2)   Post Evacuate Collection Set: 0.5ms
[2022-04-06T17:17:51.630-0800][8.639s] GC(2)   Other: 0.6ms
[2022-04-06T17:17:51.630-0800][8.639s] GC(2) Eden regions: 23->0(114)
[2022-04-06T17:17:51.630-0800][8.639s] GC(2) Survivor regions: 7->2(8)
[2022-04-06T17:17:51.630-0800][8.639s] GC(2) Old regions: 12->19
[2022-04-06T17:17:51.630-0800][8.639s] GC(2) Archive regions: 2->2
[2022-04-06T17:17:51.630-0800][8.639s] GC(2) Humongous regions: 4->4
[2022-04-06T17:17:51.630-0800][8.639s] GC(2) Metaspace: 20468K(21248K)->20468K(21248K) NonClass: 18159K(18688K)->18159K(18688K) Class: 2308K(2560K)->2308K(2560K)
[2022-04-06T17:17:51.630-0800][8.639s] GC(2) Pause Young (Concurrent Start) (Metadata GC Threshold) 45M->24M(512M) 17.042ms
[2022-04-06T17:17:51.630-0800][8.639s] GC(2) User=0.04s Sys=0.03s Real=0.02s
[2022-04-06T17:17:51.631-0800][8.640s] GC(3) Concurrent Cycle
[2022-04-06T17:17:51.631-0800][8.640s] GC(3) Concurrent Clear Claimed Marks
[2022-04-06T17:17:51.631-0800][8.640s] GC(3) Concurrent Clear Claimed Marks 0.063ms
[2022-04-06T17:17:51.631-0800][8.640s] GC(3) Concurrent Scan Root Regions
[2022-04-06T17:17:51.641-0800][8.650s] GC(3) Concurrent Scan Root Regions 9.955ms
[2022-04-06T17:17:51.641-0800][8.650s] GC(3) Concurrent Mark (8.650s)
[2022-04-06T17:17:51.641-0800][8.650s] GC(3) Concurrent Mark From Roots
[2022-04-06T17:17:51.641-0800][8.650s] GC(3) Using 2 workers of 2 for marking
[2022-04-06T17:17:51.653-0800][8.662s] GC(3) Concurrent Mark From Roots 12.083ms
[2022-04-06T17:17:51.653-0800][8.662s] GC(3) Concurrent Preclean
[2022-04-06T17:17:51.655-0800][8.664s] GC(3) Concurrent Preclean 1.387ms
[2022-04-06T17:17:51.656-0800][8.665s] GC(3) Concurrent Mark (8.650s, 8.665s) 15.084ms
[2022-04-06T17:17:51.658-0800][8.667s] GC(3) Pause Remark
[2022-04-06T17:17:51.681-0800][8.690s] GC(3) Pause Remark 25M->25M(512M) 23.049ms
[2022-04-06T17:17:51.681-0800][8.690s] GC(3) User=0.02s Sys=0.03s Real=0.03s
[2022-04-06T17:17:51.681-0800][8.690s] GC(3) Concurrent Rebuild Remembered Sets
[2022-04-06T17:17:51.713-0800][8.722s] GC(3) Concurrent Rebuild Remembered Sets 32.036ms
[2022-04-06T17:17:51.715-0800][8.724s] GC(3) Pause Cleanup
[2022-04-06T17:17:51.715-0800][8.724s] GC(3) Pause Cleanup 25M->25M(512M) 0.165ms
[2022-04-06T17:17:51.715-0800][8.724s] GC(3) User=0.00s Sys=0.00s Real=0.00s
[2022-04-06T17:17:51.715-0800][8.725s] GC(3) Concurrent Cleanup for Next Mark
[2022-04-06T17:17:51.718-0800][8.728s] GC(3) Concurrent Cleanup for Next Mark 3.075ms
[2022-04-06T17:17:51.718-0800][8.728s] GC(3) Concurrent Cycle 87.655ms
[2022-04-06T17:17:57.847-0800][14.856s] GC(4) Pause Young (Concurrent Start) (Metadata GC Threshold)
[2022-04-06T17:17:57.847-0800][14.856s] GC(4) Using 8 workers of 8 for evacuation
[2022-04-06T17:17:57.861-0800][14.870s] GC(4)   Pre Evacuate Collection Set: 0.3ms
[2022-04-06T17:17:57.861-0800][14.870s] GC(4)   Merge Heap Roots: 0.1ms
[2022-04-06T17:17:57.861-0800][14.870s] GC(4)   Evacuate Collection Set: 12.1ms
[2022-04-06T17:17:57.861-0800][14.870s] GC(4)   Post Evacuate Collection Set: 1.0ms
[2022-04-06T17:17:57.861-0800][14.870s] GC(4)   Other: 0.7ms
[2022-04-06T17:17:57.861-0800][14.870s] GC(4) Eden regions: 75->0(301)
[2022-04-06T17:17:57.861-0800][14.870s] GC(4) Survivor regions: 2->6(15)
[2022-04-06T17:17:57.861-0800][14.870s] GC(4) Old regions: 19->19
[2022-04-06T17:17:57.861-0800][14.870s] GC(4) Archive regions: 2->2
[2022-04-06T17:17:57.861-0800][14.871s] GC(4) Humongous regions: 4->4
[2022-04-06T17:17:57.862-0800][14.871s] GC(4) Metaspace: 34929K(35840K)->34929K(35840K) NonClass: 30890K(31616K)->30890K(31616K) Class: 4039K(4224K)->4039K(4224K)
[2022-04-06T17:17:57.862-0800][14.871s] GC(4) Pause Young (Concurrent Start) (Metadata GC Threshold) 99M->28M(512M) 14.865ms
[2022-04-06T17:17:57.862-0800][14.871s] GC(4) User=0.04s Sys=0.01s Real=0.02s
[2022-04-06T17:17:57.862-0800][14.871s] GC(5) Concurrent Cycle
[2022-04-06T17:17:57.862-0800][14.871s] GC(5) Concurrent Clear Claimed Marks
[2022-04-06T17:17:57.862-0800][14.871s] GC(5) Concurrent Clear Claimed Marks 0.032ms
[2022-04-06T17:17:57.862-0800][14.871s] GC(5) Concurrent Scan Root Regions
[2022-04-06T17:17:57.866-0800][14.875s] GC(5) Concurrent Scan Root Regions 4.361ms
[2022-04-06T17:17:57.866-0800][14.875s] GC(5) Concurrent Mark (14.875s)
[2022-04-06T17:17:57.866-0800][14.875s] GC(5) Concurrent Mark From Roots
[2022-04-06T17:17:57.866-0800][14.875s] GC(5) Using 2 workers of 2 for marking
[2022-04-06T17:17:57.892-0800][14.901s] GC(5) Concurrent Mark From Roots 25.805ms
[2022-04-06T17:17:57.892-0800][14.901s] GC(5) Concurrent Preclean
[2022-04-06T17:17:57.892-0800][14.901s] GC(5) Concurrent Preclean 0.112ms
[2022-04-06T17:17:57.892-0800][14.901s] GC(5) Concurrent Mark (14.875s, 14.901s) 26.006ms
[2022-04-06T17:17:57.894-0800][14.903s] GC(5) Pause Remark
[2022-04-06T17:17:57.918-0800][14.927s] GC(5) Pause Remark 30M->30M(512M) 23.492ms
[2022-04-06T17:17:57.918-0800][14.927s] GC(5) User=0.02s Sys=0.04s Real=0.02s
[2022-04-06T17:17:57.918-0800][14.927s] GC(5) Concurrent Rebuild Remembered Sets
[2022-04-06T17:17:57.930-0800][14.939s] GC(5) Concurrent Rebuild Remembered Sets 12.030ms
[2022-04-06T17:17:57.934-0800][14.943s] GC(5) Pause Cleanup
[2022-04-06T17:17:57.934-0800][14.943s] GC(5) Pause Cleanup 30M->30M(512M) 0.181ms
[2022-04-06T17:17:57.934-0800][14.943s] GC(5) User=0.00s Sys=0.00s Real=0.00s
[2022-04-06T17:17:57.934-0800][14.943s] GC(5) Concurrent Cleanup for Next Mark
[2022-04-06T17:17:57.941-0800][14.950s] GC(5) Concurrent Cleanup for Next Mark 6.597ms
[2022-04-06T17:17:57.941-0800][14.950s] GC(5) Concurrent Cycle 79.331ms
[2022-04-06T17:18:27.153-0800][44.162s] Heap
[2022-04-06T17:18:27.154-0800][44.162s]  garbage-first heap   total 524288K, used 140271K [0x00000007e0000000, 0x0000000800000000)
[2022-04-06T17:18:27.154-0800][44.162s]   region size 1024K, 115 young (117760K), 6 survivors (6144K)
[2022-04-06T17:18:27.154-0800][44.162s]  Metaspace       used 48407K, capacity 48816K, committed 49792K, reserved 1093632K
[2022-04-06T17:18:27.154-0800][44.162s]   class space    used 5760K, capacity 5903K, committed 6016K, reserved 1048576K
