[2022-04-08T17:43:48.146-0800][0.006s] Using G1
[2022-04-08T17:43:48.231-0800][0.091s] Version: 15.0.6+5-MTS (release)
[2022-04-08T17:43:48.232-0800][0.091s] CPUs: 8 total, 8 available
[2022-04-08T17:43:48.232-0800][0.091s] Memory: 8192M
[2022-04-08T17:43:48.232-0800][0.091s] Large Page Support: Disabled
[2022-04-08T17:43:48.232-0800][0.091s] NUMA Support: Disabled
[2022-04-08T17:43:48.232-0800][0.091s] Compressed Oops: Enabled (Zero based)
[2022-04-08T17:43:48.232-0800][0.091s] Heap Region Size: 1M
[2022-04-08T17:43:48.232-0800][0.091s] Heap Min Capacity: 512M
[2022-04-08T17:43:48.232-0800][0.091s] Heap Initial Capacity: 512M
[2022-04-08T17:43:48.232-0800][0.091s] Heap Max Capacity: 512M
[2022-04-08T17:43:48.232-0800][0.091s] Pre-touch: Enabled
[2022-04-08T17:43:48.232-0800][0.091s] Parallel Workers: 8
[2022-04-08T17:43:48.232-0800][0.091s] Concurrent Workers: 2
[2022-04-08T17:43:48.232-0800][0.091s] Concurrent Refinement Workers: 8
[2022-04-08T17:43:48.232-0800][0.091s] Periodic GC: Disabled
[2022-04-08T17:43:48.232-0800][0.092s] Compressed class space mapped at: 0x0000000300000000-0x0000000340000000, size: 1073741824
[2022-04-08T17:43:48.232-0800][0.092s] Narrow klass base: 0x0000000000000000, Narrow klass shift: 3, Narrow klass range: 0x340000000
[2022-04-08T17:43:48.999-0800][0.858s] GC(0) Pause Young (Normal) (G1 Evacuation Pause)
[2022-04-08T17:43:48.999-0800][0.859s] GC(0) Using 8 workers of 8 for evacuation
[2022-04-08T17:43:49.002-0800][0.862s] GC(0)   Pre Evacuate Collection Set: 0.1ms
[2022-04-08T17:43:49.002-0800][0.862s] GC(0)   Merge Heap Roots: 0.0ms
[2022-04-08T17:43:49.002-0800][0.862s] GC(0)   Evacuate Collection Set: 2.9ms
[2022-04-08T17:43:49.002-0800][0.862s] GC(0)   Post Evacuate Collection Set: 0.2ms
[2022-04-08T17:43:49.002-0800][0.862s] GC(0)   Other: 0.3ms
[2022-04-08T17:43:49.002-0800][0.862s] GC(0) Eden regions: 29->0(40)
[2022-04-08T17:43:49.002-0800][0.862s] GC(0) Survivor regions: 0->4(4)
[2022-04-08T17:43:49.002-0800][0.862s] GC(0) Old regions: 0->1
[2022-04-08T17:43:49.002-0800][0.862s] GC(0) Archive regions: 0->0
[2022-04-08T17:43:49.002-0800][0.862s] GC(0) Humongous regions: 0->0
[2022-04-08T17:43:49.002-0800][0.862s] GC(0) Metaspace: 17629K(18176K)->17629K(18176K) NonClass: 15775K(16128K)->15775K(16128K) Class: 1854K(2048K)->1854K(2048K)
[2022-04-08T17:43:49.003-0800][0.862s] GC(0) Pause Young (Normal) (G1 Evacuation Pause) 28M->4M(512M) 3.894ms
[2022-04-08T17:43:49.003-0800][0.862s] GC(0) User=0.02s Sys=0.01s Real=0.01s
[2022-04-08T17:43:49.131-0800][0.990s] GC(1) Pause Young (Concurrent Start) (Metadata GC Threshold)
[2022-04-08T17:43:49.131-0800][0.990s] GC(1) Using 8 workers of 8 for evacuation
[2022-04-08T17:43:49.136-0800][0.996s] GC(1)   Pre Evacuate Collection Set: 0.1ms
[2022-04-08T17:43:49.137-0800][0.996s] GC(1)   Merge Heap Roots: 0.0ms
[2022-04-08T17:43:49.137-0800][0.996s] GC(1)   Evacuate Collection Set: 5.1ms
[2022-04-08T17:43:49.137-0800][0.996s] GC(1)   Post Evacuate Collection Set: 0.3ms
[2022-04-08T17:43:49.137-0800][0.996s] GC(1)   Other: 0.1ms
[2022-04-08T17:43:49.137-0800][0.996s] GC(1) Eden regions: 13->0(49)
[2022-04-08T17:43:49.137-0800][0.996s] GC(1) Survivor regions: 4->6(6)
[2022-04-08T17:43:49.137-0800][0.996s] GC(1) Old regions: 1->6
[2022-04-08T17:43:49.137-0800][0.996s] GC(1) Archive regions: 0->0
[2022-04-08T17:43:49.137-0800][0.996s] GC(1) Humongous regions: 4->4
[2022-04-08T17:43:49.137-0800][0.996s] GC(1) Metaspace: 20808K(21296K)->20808K(21296K) NonClass: 18572K(18864K)->18572K(18864K) Class: 2236K(2432K)->2236K(2432K)
[2022-04-08T17:43:49.137-0800][0.996s] GC(1) Pause Young (Concurrent Start) (Metadata GC Threshold) 21M->15M(512M) 5.803ms
[2022-04-08T17:43:49.137-0800][0.996s] GC(1) User=0.04s Sys=0.00s Real=0.00s
[2022-04-08T17:43:49.137-0800][0.996s] GC(2) Concurrent Cycle
[2022-04-08T17:43:49.137-0800][0.996s] GC(2) Concurrent Clear Claimed Marks
[2022-04-08T17:43:49.137-0800][0.996s] GC(2) Concurrent Clear Claimed Marks 0.016ms
[2022-04-08T17:43:49.137-0800][0.996s] GC(2) Concurrent Scan Root Regions
[2022-04-08T17:43:49.140-0800][0.999s] GC(2) Concurrent Scan Root Regions 2.904ms
[2022-04-08T17:43:49.140-0800][0.999s] GC(2) Concurrent Mark (0.999s)
[2022-04-08T17:43:49.140-0800][0.999s] GC(2) Concurrent Mark From Roots
[2022-04-08T17:43:49.140-0800][0.999s] GC(2) Using 2 workers of 2 for marking
[2022-04-08T17:43:49.141-0800][1.000s] GC(2) Concurrent Mark From Roots 1.218ms
[2022-04-08T17:43:49.141-0800][1.000s] GC(2) Concurrent Preclean
[2022-04-08T17:43:49.141-0800][1.000s] GC(2) Concurrent Preclean 0.019ms
[2022-04-08T17:43:49.141-0800][1.000s] GC(2) Concurrent Mark (0.999s, 1.000s) 1.261ms
[2022-04-08T17:43:49.141-0800][1.001s] GC(2) Pause Remark
[2022-04-08T17:43:49.142-0800][1.001s] GC(2) Pause Remark 16M->16M(512M) 0.595ms
[2022-04-08T17:43:49.142-0800][1.001s] GC(2) User=0.01s Sys=0.00s Real=0.00s
[2022-04-08T17:43:49.142-0800][1.001s] GC(2) Concurrent Rebuild Remembered Sets
[2022-04-08T17:43:49.144-0800][1.004s] GC(2) Concurrent Rebuild Remembered Sets 2.560ms
[2022-04-08T17:43:49.144-0800][1.004s] GC(2) Pause Cleanup
[2022-04-08T17:43:49.144-0800][1.004s] GC(2) Pause Cleanup 16M->16M(512M) 0.069ms
[2022-04-08T17:43:49.144-0800][1.004s] GC(2) User=0.00s Sys=0.00s Real=0.00s
[2022-04-08T17:43:49.144-0800][1.004s] GC(2) Concurrent Cleanup for Next Mark
[2022-04-08T17:43:49.145-0800][1.005s] GC(2) Concurrent Cleanup for Next Mark 0.537ms
[2022-04-08T17:43:49.145-0800][1.005s] GC(2) Concurrent Cycle 8.418ms
[2022-04-08T17:43:49.565-0800][1.425s] GC(3) Pause Young (Normal) (G1 Evacuation Pause)
[2022-04-08T17:43:49.565-0800][1.425s] GC(3) Using 8 workers of 8 for evacuation
[2022-04-08T17:43:49.570-0800][1.430s] GC(3)   Pre Evacuate Collection Set: 0.1ms
[2022-04-08T17:43:49.570-0800][1.430s] GC(3)   Merge Heap Roots: 0.0ms
[2022-04-08T17:43:49.570-0800][1.430s] GC(3)   Evacuate Collection Set: 4.6ms
[2022-04-08T17:43:49.570-0800][1.430s] GC(3)   Post Evacuate Collection Set: 0.2ms
[2022-04-08T17:43:49.570-0800][1.430s] GC(3)   Other: 0.1ms
[2022-04-08T17:43:49.571-0800][1.430s] GC(3) Eden regions: 50->0(170)
[2022-04-08T17:43:49.571-0800][1.430s] GC(3) Survivor regions: 6->7(7)
[2022-04-08T17:43:49.571-0800][1.430s] GC(3) Old regions: 6->13
[2022-04-08T17:43:49.571-0800][1.430s] GC(3) Archive regions: 0->0
[2022-04-08T17:43:49.571-0800][1.430s] GC(3) Humongous regions: 4->4
[2022-04-08T17:43:49.571-0800][1.430s] GC(3) Metaspace: 27430K(28208K)->27430K(28208K) NonClass: 24458K(25008K)->24458K(25008K) Class: 2972K(3200K)->2972K(3200K)
[2022-04-08T17:43:49.571-0800][1.430s] GC(3) Pause Young (Normal) (G1 Evacuation Pause) 65M->24M(512M) 5.181ms
[2022-04-08T17:43:49.571-0800][1.430s] GC(3) User=0.03s Sys=0.00s Real=0.01s
[2022-04-08T17:43:49.989-0800][1.849s] GC(4) Pause Young (Concurrent Start) (Metadata GC Threshold)
[2022-04-08T17:43:49.989-0800][1.849s] GC(4) Using 8 workers of 8 for evacuation
[2022-04-08T17:43:49.992-0800][1.851s] GC(4)   Pre Evacuate Collection Set: 0.1ms
[2022-04-08T17:43:49.992-0800][1.851s] GC(4)   Merge Heap Roots: 0.1ms
[2022-04-08T17:43:49.992-0800][1.851s] GC(4)   Evacuate Collection Set: 1.8ms
[2022-04-08T17:43:49.992-0800][1.851s] GC(4)   Post Evacuate Collection Set: 0.3ms
[2022-04-08T17:43:49.992-0800][1.851s] GC(4)   Other: 0.1ms
[2022-04-08T17:43:49.992-0800][1.851s] GC(4) Eden regions: 38->0(278)
[2022-04-08T17:43:49.992-0800][1.851s] GC(4) Survivor regions: 7->9(23)
[2022-04-08T17:43:49.992-0800][1.851s] GC(4) Old regions: 13->13
[2022-04-08T17:43:49.992-0800][1.851s] GC(4) Archive regions: 0->0
[2022-04-08T17:43:49.992-0800][1.851s] GC(4) Humongous regions: 4->4
[2022-04-08T17:43:49.992-0800][1.851s] GC(4) Metaspace: 35304K(35920K)->35304K(35920K) NonClass: 31483K(31824K)->31483K(31824K) Class: 3821K(4096K)->3821K(4096K)
[2022-04-08T17:43:49.992-0800][1.851s] GC(4) Pause Young (Concurrent Start) (Metadata GC Threshold) 61M->25M(512M) 2.426ms
[2022-04-08T17:43:49.992-0800][1.851s] GC(4) User=0.02s Sys=0.00s Real=0.01s
[2022-04-08T17:43:49.992-0800][1.851s] GC(5) Concurrent Cycle
[2022-04-08T17:43:49.992-0800][1.851s] GC(5) Concurrent Clear Claimed Marks
[2022-04-08T17:43:49.992-0800][1.851s] GC(5) Concurrent Clear Claimed Marks 0.012ms
[2022-04-08T17:43:49.992-0800][1.851s] GC(5) Concurrent Scan Root Regions
[2022-04-08T17:43:49.993-0800][1.853s] GC(5) Concurrent Scan Root Regions 1.064ms
[2022-04-08T17:43:49.993-0800][1.853s] GC(5) Concurrent Mark (1.853s)
[2022-04-08T17:43:49.993-0800][1.853s] GC(5) Concurrent Mark From Roots
[2022-04-08T17:43:49.993-0800][1.853s] GC(5) Using 2 workers of 2 for marking
[2022-04-08T17:43:50.001-0800][1.861s] GC(5) Concurrent Mark From Roots 8.039ms
[2022-04-08T17:43:50.001-0800][1.861s] GC(5) Concurrent Preclean
[2022-04-08T17:43:50.001-0800][1.861s] GC(5) Concurrent Preclean 0.094ms
[2022-04-08T17:43:50.001-0800][1.861s] GC(5) Concurrent Mark (1.853s, 1.861s) 8.175ms
[2022-04-08T17:43:50.001-0800][1.861s] GC(5) Pause Remark
[2022-04-08T17:43:50.002-0800][1.862s] GC(5) Pause Remark 26M->26M(512M) 0.980ms
[2022-04-08T17:43:50.002-0800][1.862s] GC(5) User=0.00s Sys=0.00s Real=0.00s
[2022-04-08T17:43:50.002-0800][1.862s] GC(5) Concurrent Rebuild Remembered Sets
[2022-04-08T17:43:50.008-0800][1.868s] GC(5) Concurrent Rebuild Remembered Sets 6.102ms
[2022-04-08T17:43:50.009-0800][1.868s] GC(5) Pause Cleanup
[2022-04-08T17:43:50.009-0800][1.868s] GC(5) Pause Cleanup 27M->27M(512M) 0.079ms
[2022-04-08T17:43:50.009-0800][1.868s] GC(5) User=0.00s Sys=0.00s Real=0.00s
[2022-04-08T17:43:50.009-0800][1.868s] GC(5) Concurrent Cleanup for Next Mark
[2022-04-08T17:43:50.009-0800][1.869s] GC(5) Concurrent Cleanup for Next Mark 0.611ms
[2022-04-08T17:43:50.009-0800][1.869s] GC(5) Concurrent Cycle 17.535ms
[2022-04-08T17:53:28.709-0800][580.632s] GC(6) Pause Young (Concurrent Start) (Metadata GC Threshold)
[2022-04-08T17:53:28.709-0800][580.632s] GC(6) Using 8 workers of 8 for evacuation
[2022-04-08T17:53:28.754-0800][580.677s] GC(6)   Pre Evacuate Collection Set: 0.2ms
[2022-04-08T17:53:28.754-0800][580.677s] GC(6)   Merge Heap Roots: 0.1ms
[2022-04-08T17:53:28.754-0800][580.677s] GC(6)   Evacuate Collection Set: 43.6ms
[2022-04-08T17:53:28.754-0800][580.677s] GC(6)   Post Evacuate Collection Set: 1.1ms
[2022-04-08T17:53:28.754-0800][580.677s] GC(6)   Other: 0.3ms
[2022-04-08T17:53:28.754-0800][580.677s] GC(6) Eden regions: 207->0(278)
[2022-04-08T17:53:28.754-0800][580.677s] GC(6) Survivor regions: 9->29(39)
[2022-04-08T17:53:28.754-0800][580.677s] GC(6) Old regions: 13->13
[2022-04-08T17:53:28.754-0800][580.677s] GC(6) Archive regions: 0->0
[2022-04-08T17:53:28.754-0800][580.677s] GC(6) Humongous regions: 8->7
[2022-04-08T17:53:28.754-0800][580.677s] GC(6) Metaspace: 59577K(60304K)->59577K(60304K) NonClass: 52753K(53264K)->52753K(53264K) Class: 6824K(7040K)->6824K(7040K)
[2022-04-08T17:53:28.754-0800][580.677s] GC(6) Pause Young (Concurrent Start) (Metadata GC Threshold) 235M->48M(512M) 45.442ms
[2022-04-08T17:53:28.754-0800][580.677s] GC(6) User=0.07s Sys=0.16s Real=0.05s
[2022-04-08T17:53:28.754-0800][580.677s] GC(7) Concurrent Cycle
[2022-04-08T17:53:28.754-0800][580.677s] GC(7) Concurrent Clear Claimed Marks
[2022-04-08T17:53:28.755-0800][580.677s] GC(7) Concurrent Clear Claimed Marks 0.044ms
[2022-04-08T17:53:28.755-0800][580.677s] GC(7) Concurrent Scan Root Regions
[2022-04-08T17:53:28.761-0800][580.684s] GC(7) Concurrent Scan Root Regions 6.979ms
[2022-04-08T17:53:28.762-0800][580.684s] GC(7) Concurrent Mark (580.684s)
[2022-04-08T17:53:28.762-0800][580.684s] GC(7) Concurrent Mark From Roots
[2022-04-08T17:53:28.762-0800][580.684s] GC(7) Using 2 workers of 2 for marking
[2022-04-08T17:53:28.770-0800][580.693s] GC(7) Concurrent Mark From Roots 8.824ms
[2022-04-08T17:53:28.770-0800][580.693s] GC(7) Concurrent Preclean
[2022-04-08T17:53:28.771-0800][580.693s] GC(7) Concurrent Preclean 0.141ms
[2022-04-08T17:53:28.771-0800][580.693s] GC(7) Concurrent Mark (580.684s, 580.693s) 9.035ms
[2022-04-08T17:53:28.771-0800][580.693s] GC(7) Pause Remark
[2022-04-08T17:53:28.782-0800][580.704s] GC(7) Pause Remark 50M->50M(512M) 10.954ms
[2022-04-08T17:53:28.782-0800][580.705s] GC(7) User=0.03s Sys=0.03s Real=0.01s
[2022-04-08T17:53:28.782-0800][580.705s] GC(7) Concurrent Rebuild Remembered Sets
[2022-04-08T17:53:28.788-0800][580.711s] GC(7) Concurrent Rebuild Remembered Sets 6.553ms
[2022-04-08T17:53:28.789-0800][580.712s] GC(7) Pause Cleanup
[2022-04-08T17:53:28.789-0800][580.712s] GC(7) Pause Cleanup 51M->51M(512M) 0.123ms
[2022-04-08T17:53:28.789-0800][580.712s] GC(7) User=0.00s Sys=0.00s Real=0.00s
[2022-04-08T17:53:28.789-0800][580.712s] GC(7) Concurrent Cleanup for Next Mark
[2022-04-08T17:53:28.791-0800][580.714s] GC(7) Concurrent Cleanup for Next Mark 1.409ms
[2022-04-08T17:53:28.791-0800][580.714s] GC(7) Concurrent Cycle 36.392ms
[2022-04-08T18:07:15.175-0800][1407.126s] Heap
[2022-04-08T18:07:15.175-0800][1407.126s]  garbage-first heap   total 524288K, used 93176K [0x00000007a0000000, 0x00000007c0000000)
[2022-04-08T18:07:15.175-0800][1407.126s]   region size 1024K, 72 young (73728K), 29 survivors (29696K)
[2022-04-08T18:07:15.175-0800][1407.126s]  Metaspace       used 60600K, capacity 61205K, committed 61456K, reserved 1103872K
[2022-04-08T18:07:15.175-0800][1407.126s]   class space    used 6874K, capacity 7083K, committed 7168K, reserved 1048576K
