[2022-04-06T17:23:40.679-0800][0.021s] Using G1
[2022-04-06T17:23:40.951-0800][0.292s] Version: 15.0.1+9-18 (release)
[2022-04-06T17:23:40.951-0800][0.292s] CPUs: 8 total, 8 available
[2022-04-06T17:23:40.951-0800][0.292s] Memory: 8192M
[2022-04-06T17:23:40.951-0800][0.292s] Large Page Support: Disabled
[2022-04-06T17:23:40.951-0800][0.292s] NUMA Support: Disabled
[2022-04-06T17:23:40.951-0800][0.293s] Compressed Oops: Enabled (Zero based)
[2022-04-06T17:23:40.951-0800][0.293s] Heap Region Size: 1M
[2022-04-06T17:23:40.951-0800][0.293s] Heap Min Capacity: 512M
[2022-04-06T17:23:40.951-0800][0.293s] Heap Initial Capacity: 512M
[2022-04-06T17:23:40.951-0800][0.293s] Heap Max Capacity: 512M
[2022-04-06T17:23:40.951-0800][0.293s] Pre-touch: Enabled
[2022-04-06T17:23:40.951-0800][0.293s] Parallel Workers: 8
[2022-04-06T17:23:40.951-0800][0.293s] Concurrent Workers: 2
[2022-04-06T17:23:40.951-0800][0.293s] Concurrent Refinement Workers: 8
[2022-04-06T17:23:40.951-0800][0.293s] Periodic GC: Disabled
[2022-04-06T17:23:40.951-0800][0.293s] Mark closed archive regions in map: [0x00000007fff00000, 0x00000007fff78ff8]
[2022-04-06T17:23:40.952-0800][0.293s] Mark open archive regions in map: [0x00000007ffe00000, 0x00000007ffe50ff8]
[2022-04-06T17:23:40.952-0800][0.293s] CDS archive(s) mapped at: [0x0000000800000000-0x0000000800b2b000-0x0000000800b2b000), size 11710464, SharedBaseAddress: 0x0000000800000000, ArchiveRelocationMode: 0.
[2022-04-06T17:23:40.952-0800][0.294s] Compressed class space mapped at: 0x0000000800b2c000-0x0000000840b2c000, size: 1073741824
[2022-04-06T17:23:40.952-0800][0.294s] Narrow klass base: 0x0000000800000000, Narrow klass shift: 3, Narrow klass range: 0x100000000
[2022-04-06T17:23:42.975-0800][2.317s] GC(0) Pause Young (Normal) (G1 Evacuation Pause)
[2022-04-06T17:23:42.976-0800][2.318s] GC(0) Using 8 workers of 8 for evacuation
[2022-04-06T17:23:42.994-0800][2.336s] GC(0)   Pre Evacuate Collection Set: 0.2ms
[2022-04-06T17:23:42.994-0800][2.336s] GC(0)   Merge Heap Roots: 0.1ms
[2022-04-06T17:23:42.994-0800][2.336s] GC(0)   Evacuate Collection Set: 17.2ms
[2022-04-06T17:23:42.994-0800][2.336s] GC(0)   Post Evacuate Collection Set: 0.5ms
[2022-04-06T17:23:42.995-0800][2.336s] GC(0)   Other: 1.6ms
[2022-04-06T17:23:42.995-0800][2.336s] GC(0) Eden regions: 29->0(53)
[2022-04-06T17:23:42.995-0800][2.336s] GC(0) Survivor regions: 0->4(4)
[2022-04-06T17:23:42.995-0800][2.336s] GC(0) Old regions: 0->0
[2022-04-06T17:23:42.995-0800][2.336s] GC(0) Archive regions: 2->2
[2022-04-06T17:23:42.995-0800][2.337s] GC(0) Humongous regions: 0->0
[2022-04-06T17:23:42.995-0800][2.337s] GC(0) Metaspace: 7231K(8448K)->7231K(8448K) NonClass: 6373K(7424K)->6373K(7424K) Class: 858K(1024K)->858K(1024K)
[2022-04-06T17:23:42.995-0800][2.337s] GC(0) Pause Young (Normal) (G1 Evacuation Pause) 29M->3M(512M) 19.825ms
[2022-04-06T17:23:42.995-0800][2.337s] GC(0) User=0.03s Sys=0.02s Real=0.02s
[2022-04-06T17:23:45.730-0800][5.072s] GC(1) Pause Young (Normal) (G1 Evacuation Pause)
[2022-04-06T17:23:45.730-0800][5.073s] GC(1) Using 8 workers of 8 for evacuation
[2022-04-06T17:23:45.765-0800][5.108s] GC(1)   Pre Evacuate Collection Set: 0.2ms
[2022-04-06T17:23:45.765-0800][5.108s] GC(1)   Merge Heap Roots: 0.1ms
[2022-04-06T17:23:45.766-0800][5.108s] GC(1)   Evacuate Collection Set: 33.9ms
[2022-04-06T17:23:45.766-0800][5.108s] GC(1)   Post Evacuate Collection Set: 0.7ms
[2022-04-06T17:23:45.766-0800][5.108s] GC(1)   Other: 0.3ms
[2022-04-06T17:23:45.766-0800][5.108s] GC(1) Eden regions: 53->0(70)
[2022-04-06T17:23:45.766-0800][5.108s] GC(1) Survivor regions: 4->8(8)
[2022-04-06T17:23:45.766-0800][5.108s] GC(1) Old regions: 0->11
[2022-04-06T17:23:45.766-0800][5.108s] GC(1) Archive regions: 2->2
[2022-04-06T17:23:45.766-0800][5.108s] GC(1) Humongous regions: 4->4
[2022-04-06T17:23:45.766-0800][5.108s] GC(1) Metaspace: 16365K(16896K)->16365K(16896K) NonClass: 14476K(14848K)->14476K(14848K) Class: 1889K(2048K)->1889K(2048K)
[2022-04-06T17:23:45.766-0800][5.108s] GC(1) Pause Young (Normal) (G1 Evacuation Pause) 60M->22M(512M) 35.297ms
[2022-04-06T17:23:45.766-0800][5.108s] GC(1) User=0.08s Sys=0.05s Real=0.03s
[2022-04-06T17:23:46.558-0800][5.900s] GC(2) Pause Young (Concurrent Start) (Metadata GC Threshold)
[2022-04-06T17:23:46.558-0800][5.900s] GC(2) Using 8 workers of 8 for evacuation
[2022-04-06T17:23:46.583-0800][5.925s] GC(2)   Pre Evacuate Collection Set: 0.2ms
[2022-04-06T17:23:46.583-0800][5.925s] GC(2)   Merge Heap Roots: 0.1ms
[2022-04-06T17:23:46.583-0800][5.925s] GC(2)   Evacuate Collection Set: 23.8ms
[2022-04-06T17:23:46.583-0800][5.925s] GC(2)   Post Evacuate Collection Set: 0.6ms
[2022-04-06T17:23:46.583-0800][5.925s] GC(2)   Other: 0.3ms
[2022-04-06T17:23:46.583-0800][5.925s] GC(2) Eden regions: 24->0(122)
[2022-04-06T17:23:46.583-0800][5.925s] GC(2) Survivor regions: 8->2(9)
[2022-04-06T17:23:46.583-0800][5.925s] GC(2) Old regions: 11->19
[2022-04-06T17:23:46.583-0800][5.925s] GC(2) Archive regions: 2->2
[2022-04-06T17:23:46.583-0800][5.925s] GC(2) Humongous regions: 4->4
[2022-04-06T17:23:46.583-0800][5.925s] GC(2) Metaspace: 20691K(21248K)->20691K(21248K) NonClass: 18359K(18688K)->18359K(18688K) Class: 2331K(2560K)->2331K(2560K)
[2022-04-06T17:23:46.583-0800][5.925s] GC(2) Pause Young (Concurrent Start) (Metadata GC Threshold) 46M->24M(512M) 25.200ms
[2022-04-06T17:23:46.583-0800][5.925s] GC(2) User=0.04s Sys=0.03s Real=0.03s
[2022-04-06T17:23:46.584-0800][5.926s] GC(3) Concurrent Cycle
[2022-04-06T17:23:46.584-0800][5.926s] GC(3) Concurrent Clear Claimed Marks
[2022-04-06T17:23:46.584-0800][5.926s] GC(3) Concurrent Clear Claimed Marks 0.055ms
[2022-04-06T17:23:46.584-0800][5.926s] GC(3) Concurrent Scan Root Regions
[2022-04-06T17:23:46.589-0800][5.931s] GC(3) Concurrent Scan Root Regions 4.528ms
[2022-04-06T17:23:46.589-0800][5.931s] GC(3) Concurrent Mark (5.931s)
[2022-04-06T17:23:46.589-0800][5.931s] GC(3) Concurrent Mark From Roots
[2022-04-06T17:23:46.589-0800][5.931s] GC(3) Using 2 workers of 2 for marking
[2022-04-06T17:23:46.602-0800][5.944s] GC(3) Concurrent Mark From Roots 13.330ms
[2022-04-06T17:23:46.602-0800][5.944s] GC(3) Concurrent Preclean
[2022-04-06T17:23:46.602-0800][5.944s] GC(3) Concurrent Preclean 0.214ms
[2022-04-06T17:23:46.602-0800][5.944s] GC(3) Concurrent Mark (5.931s, 5.944s) 13.651ms
[2022-04-06T17:23:46.606-0800][5.948s] GC(3) Pause Remark
[2022-04-06T17:23:46.628-0800][5.970s] GC(3) Pause Remark 25M->25M(512M) 21.322ms
[2022-04-06T17:23:46.628-0800][5.970s] GC(3) User=0.02s Sys=0.02s Real=0.02s
[2022-04-06T17:23:46.628-0800][5.970s] GC(3) Concurrent Rebuild Remembered Sets
[2022-04-06T17:23:46.642-0800][5.984s] GC(3) Concurrent Rebuild Remembered Sets 13.759ms
[2022-04-06T17:23:46.643-0800][5.985s] GC(3) Pause Cleanup
[2022-04-06T17:23:46.643-0800][5.985s] GC(3) Pause Cleanup 25M->25M(512M) 0.146ms
[2022-04-06T17:23:46.643-0800][5.985s] GC(3) User=0.00s Sys=0.00s Real=0.00s
[2022-04-06T17:23:46.643-0800][5.986s] GC(3) Concurrent Cleanup for Next Mark
[2022-04-06T17:23:46.645-0800][5.987s] GC(3) Concurrent Cleanup for Next Mark 1.433ms
[2022-04-06T17:23:46.645-0800][5.987s] GC(3) Concurrent Cycle 61.038ms
[2022-04-06T17:23:51.224-0800][10.566s] GC(4) Pause Young (Concurrent Start) (Metadata GC Threshold)
[2022-04-06T17:23:51.224-0800][10.567s] GC(4) Using 8 workers of 8 for evacuation
[2022-04-06T17:23:51.234-0800][10.576s] GC(4)   Pre Evacuate Collection Set: 0.2ms
[2022-04-06T17:23:51.234-0800][10.576s] GC(4)   Merge Heap Roots: 0.1ms
[2022-04-06T17:23:51.234-0800][10.576s] GC(4)   Evacuate Collection Set: 8.1ms
[2022-04-06T17:23:51.234-0800][10.576s] GC(4)   Post Evacuate Collection Set: 0.9ms
[2022-04-06T17:23:51.234-0800][10.576s] GC(4)   Other: 0.5ms
[2022-04-06T17:23:51.234-0800][10.576s] GC(4) Eden regions: 76->0(301)
[2022-04-06T17:23:51.234-0800][10.576s] GC(4) Survivor regions: 2->6(16)
[2022-04-06T17:23:51.234-0800][10.576s] GC(4) Old regions: 19->19
[2022-04-06T17:23:51.234-0800][10.576s] GC(4) Archive regions: 2->2
[2022-04-06T17:23:51.234-0800][10.576s] GC(4) Humongous regions: 4->4
[2022-04-06T17:23:51.234-0800][10.576s] GC(4) Metaspace: 35138K(35840K)->35138K(35840K) NonClass: 31056K(31616K)->31056K(31616K) Class: 4081K(4224K)->4081K(4224K)
[2022-04-06T17:23:51.234-0800][10.576s] GC(4) Pause Young (Concurrent Start) (Metadata GC Threshold) 100M->29M(512M) 9.961ms
[2022-04-06T17:23:51.234-0800][10.576s] GC(4) User=0.04s Sys=0.01s Real=0.01s
[2022-04-06T17:23:51.234-0800][10.576s] GC(5) Concurrent Cycle
[2022-04-06T17:23:51.234-0800][10.577s] GC(5) Concurrent Clear Claimed Marks
[2022-04-06T17:23:51.234-0800][10.577s] GC(5) Concurrent Clear Claimed Marks 0.028ms
[2022-04-06T17:23:51.234-0800][10.577s] GC(5) Concurrent Scan Root Regions
[2022-04-06T17:23:51.239-0800][10.581s] GC(5) Concurrent Scan Root Regions 4.386ms
[2022-04-06T17:23:51.239-0800][10.581s] GC(5) Concurrent Mark (10.581s)
[2022-04-06T17:23:51.239-0800][10.581s] GC(5) Concurrent Mark From Roots
[2022-04-06T17:23:51.239-0800][10.581s] GC(5) Using 2 workers of 2 for marking
[2022-04-06T17:23:51.261-0800][10.603s] GC(5) Concurrent Mark From Roots 22.202ms
[2022-04-06T17:23:51.261-0800][10.603s] GC(5) Concurrent Preclean
[2022-04-06T17:23:51.261-0800][10.603s] GC(5) Concurrent Preclean 0.150ms
[2022-04-06T17:23:51.261-0800][10.603s] GC(5) Concurrent Mark (10.581s, 10.603s) 22.451ms
[2022-04-06T17:23:51.262-0800][10.604s] GC(5) Pause Remark
[2022-04-06T17:23:51.286-0800][10.628s] GC(5) Pause Remark 31M->31M(512M) 23.706ms
[2022-04-06T17:23:51.286-0800][10.628s] GC(5) User=0.02s Sys=0.03s Real=0.02s
[2022-04-06T17:23:51.286-0800][10.628s] GC(5) Concurrent Rebuild Remembered Sets
[2022-04-06T17:23:51.299-0800][10.641s] GC(5) Concurrent Rebuild Remembered Sets 12.771ms
[2022-04-06T17:23:51.300-0800][10.642s] GC(5) Pause Cleanup
[2022-04-06T17:23:51.300-0800][10.643s] GC(5) Pause Cleanup 31M->31M(512M) 0.197ms
[2022-04-06T17:23:51.300-0800][10.643s] GC(5) User=0.00s Sys=0.00s Real=0.00s
[2022-04-06T17:23:51.300-0800][10.643s] GC(5) Concurrent Cleanup for Next Mark
[2022-04-06T17:23:51.304-0800][10.647s] GC(5) Concurrent Cleanup for Next Mark 4.037ms
[2022-04-06T17:23:51.304-0800][10.647s] GC(5) Concurrent Cycle 70.322ms
[2022-04-06T17:24:45.398-0800][64.740s] Heap
[2022-04-06T17:24:45.398-0800][64.740s]  garbage-first heap   total 524288K, used 149786K [0x00000007e0000000, 0x0000000800000000)
[2022-04-06T17:24:45.398-0800][64.740s]   region size 1024K, 121 young (123904K), 6 survivors (6144K)
[2022-04-06T17:24:45.398-0800][64.740s]  Metaspace       used 49946K, capacity 50418K, committed 51200K, reserved 1093632K
[2022-04-06T17:24:45.398-0800][64.740s]   class space    used 5936K, capacity 6079K, committed 6144K, reserved 1048576K
