[2022-04-06T17:24:50.222-0800][0.021s] Using G1
[2022-04-06T17:24:50.487-0800][0.285s] Version: 15.0.1+9-18 (release)
[2022-04-06T17:24:50.487-0800][0.285s] CPUs: 8 total, 8 available
[2022-04-06T17:24:50.487-0800][0.285s] Memory: 8192M
[2022-04-06T17:24:50.487-0800][0.285s] Large Page Support: Disabled
[2022-04-06T17:24:50.487-0800][0.285s] NUMA Support: Disabled
[2022-04-06T17:24:50.487-0800][0.285s] Compressed Oops: Enabled (Zero based)
[2022-04-06T17:24:50.487-0800][0.285s] Heap Region Size: 1M
[2022-04-06T17:24:50.487-0800][0.285s] Heap Min Capacity: 512M
[2022-04-06T17:24:50.487-0800][0.285s] Heap Initial Capacity: 512M
[2022-04-06T17:24:50.487-0800][0.285s] Heap Max Capacity: 512M
[2022-04-06T17:24:50.487-0800][0.285s] Pre-touch: Enabled
[2022-04-06T17:24:50.487-0800][0.285s] Parallel Workers: 8
[2022-04-06T17:24:50.487-0800][0.285s] Concurrent Workers: 2
[2022-04-06T17:24:50.487-0800][0.285s] Concurrent Refinement Workers: 8
[2022-04-06T17:24:50.487-0800][0.285s] Periodic GC: Disabled
[2022-04-06T17:24:50.488-0800][0.286s] Mark closed archive regions in map: [0x00000007fff00000, 0x00000007fff78ff8]
[2022-04-06T17:24:50.488-0800][0.286s] Mark open archive regions in map: [0x00000007ffe00000, 0x00000007ffe50ff8]
[2022-04-06T17:24:50.488-0800][0.286s] CDS archive(s) mapped at: [0x0000000800000000-0x0000000800b2b000-0x0000000800b2b000), size 11710464, SharedBaseAddress: 0x0000000800000000, ArchiveRelocationMode: 0.
[2022-04-06T17:24:50.488-0800][0.286s] Compressed class space mapped at: 0x0000000800b2c000-0x0000000840b2c000, size: 1073741824
[2022-04-06T17:24:50.488-0800][0.286s] Narrow klass base: 0x0000000800000000, Narrow klass shift: 3, Narrow klass range: 0x100000000
[2022-04-06T17:24:52.480-0800][2.278s] GC(0) Pause Young (Normal) (G1 Evacuation Pause)
[2022-04-06T17:24:52.481-0800][2.279s] GC(0) Using 8 workers of 8 for evacuation
[2022-04-06T17:24:52.499-0800][2.298s] GC(0)   Pre Evacuate Collection Set: 0.2ms
[2022-04-06T17:24:52.499-0800][2.298s] GC(0)   Merge Heap Roots: 0.1ms
[2022-04-06T17:24:52.499-0800][2.298s] GC(0)   Evacuate Collection Set: 17.4ms
[2022-04-06T17:24:52.499-0800][2.298s] GC(0)   Post Evacuate Collection Set: 0.5ms
[2022-04-06T17:24:52.499-0800][2.298s] GC(0)   Other: 1.5ms
[2022-04-06T17:24:52.499-0800][2.298s] GC(0) Eden regions: 29->0(53)
[2022-04-06T17:24:52.499-0800][2.298s] GC(0) Survivor regions: 0->4(4)
[2022-04-06T17:24:52.499-0800][2.298s] GC(0) Old regions: 0->0
[2022-04-06T17:24:52.499-0800][2.298s] GC(0) Archive regions: 2->2
[2022-04-06T17:24:52.499-0800][2.298s] GC(0) Humongous regions: 0->0
[2022-04-06T17:24:52.499-0800][2.298s] GC(0) Metaspace: 7220K(8192K)->7220K(8192K) NonClass: 6362K(7168K)->6362K(7168K) Class: 857K(1024K)->857K(1024K)
[2022-04-06T17:24:52.499-0800][2.298s] GC(0) Pause Young (Normal) (G1 Evacuation Pause) 29M->3M(512M) 19.836ms
[2022-04-06T17:24:52.499-0800][2.298s] GC(0) User=0.03s Sys=0.02s Real=0.01s
[2022-04-06T17:24:55.096-0800][4.894s] GC(1) Pause Young (Normal) (G1 Evacuation Pause)
[2022-04-06T17:24:55.096-0800][4.894s] GC(1) Using 8 workers of 8 for evacuation
[2022-04-06T17:24:55.131-0800][4.929s] GC(1)   Pre Evacuate Collection Set: 0.2ms
[2022-04-06T17:24:55.131-0800][4.929s] GC(1)   Merge Heap Roots: 0.1ms
[2022-04-06T17:24:55.131-0800][4.929s] GC(1)   Evacuate Collection Set: 33.6ms
[2022-04-06T17:24:55.131-0800][4.929s] GC(1)   Post Evacuate Collection Set: 0.8ms
[2022-04-06T17:24:55.131-0800][4.929s] GC(1)   Other: 0.3ms
[2022-04-06T17:24:55.131-0800][4.929s] GC(1) Eden regions: 53->0(70)
[2022-04-06T17:24:55.131-0800][4.929s] GC(1) Survivor regions: 4->8(8)
[2022-04-06T17:24:55.131-0800][4.929s] GC(1) Old regions: 0->11
[2022-04-06T17:24:55.131-0800][4.929s] GC(1) Archive regions: 2->2
[2022-04-06T17:24:55.131-0800][4.929s] GC(1) Humongous regions: 4->4
[2022-04-06T17:24:55.131-0800][4.929s] GC(1) Metaspace: 16378K(17152K)->16378K(17152K) NonClass: 14489K(15104K)->14489K(15104K) Class: 1889K(2048K)->1889K(2048K)
[2022-04-06T17:24:55.131-0800][4.929s] GC(1) Pause Young (Normal) (G1 Evacuation Pause) 60M->23M(512M) 35.086ms
[2022-04-06T17:24:55.131-0800][4.929s] GC(1) User=0.08s Sys=0.06s Real=0.04s
[2022-04-06T17:24:55.952-0800][5.750s] GC(2) Pause Young (Concurrent Start) (Metadata GC Threshold)
[2022-04-06T17:24:55.952-0800][5.750s] GC(2) Using 8 workers of 8 for evacuation
[2022-04-06T17:24:55.977-0800][5.776s] GC(2)   Pre Evacuate Collection Set: 0.2ms
[2022-04-06T17:24:55.977-0800][5.776s] GC(2)   Merge Heap Roots: 0.2ms
[2022-04-06T17:24:55.977-0800][5.776s] GC(2)   Evacuate Collection Set: 24.2ms
[2022-04-06T17:24:55.977-0800][5.776s] GC(2)   Post Evacuate Collection Set: 0.5ms
[2022-04-06T17:24:55.977-0800][5.776s] GC(2)   Other: 0.4ms
[2022-04-06T17:24:55.977-0800][5.776s] GC(2) Eden regions: 23->0(126)
[2022-04-06T17:24:55.977-0800][5.776s] GC(2) Survivor regions: 8->1(9)
[2022-04-06T17:24:55.977-0800][5.776s] GC(2) Old regions: 11->20
[2022-04-06T17:24:55.977-0800][5.776s] GC(2) Archive regions: 2->2
[2022-04-06T17:24:55.977-0800][5.776s] GC(2) Humongous regions: 4->4
[2022-04-06T17:24:55.977-0800][5.776s] GC(2) Metaspace: 20548K(21248K)->20548K(21248K) NonClass: 18228K(18688K)->18228K(18688K) Class: 2320K(2560K)->2320K(2560K)
[2022-04-06T17:24:55.977-0800][5.776s] GC(2) Pause Young (Concurrent Start) (Metadata GC Threshold) 45M->25M(512M) 25.660ms
[2022-04-06T17:24:55.977-0800][5.776s] GC(2) User=0.03s Sys=0.03s Real=0.02s
[2022-04-06T17:24:55.978-0800][5.777s] GC(3) Concurrent Cycle
[2022-04-06T17:24:55.978-0800][5.777s] GC(3) Concurrent Clear Claimed Marks
[2022-04-06T17:24:55.978-0800][5.777s] GC(3) Concurrent Clear Claimed Marks 0.090ms
[2022-04-06T17:24:55.978-0800][5.777s] GC(3) Concurrent Scan Root Regions
[2022-04-06T17:24:55.982-0800][5.780s] GC(3) Concurrent Scan Root Regions 3.183ms
[2022-04-06T17:24:55.987-0800][5.785s] GC(3) Concurrent Mark (5.785s)
[2022-04-06T17:24:55.987-0800][5.785s] GC(3) Concurrent Mark From Roots
[2022-04-06T17:24:55.987-0800][5.785s] GC(3) Using 2 workers of 2 for marking
[2022-04-06T17:24:56.000-0800][5.798s] GC(3) Concurrent Mark From Roots 12.994ms
[2022-04-06T17:24:56.000-0800][5.798s] GC(3) Concurrent Preclean
[2022-04-06T17:24:56.000-0800][5.798s] GC(3) Concurrent Preclean 0.203ms
[2022-04-06T17:24:56.000-0800][5.798s] GC(3) Concurrent Mark (5.785s, 5.798s) 13.397ms
[2022-04-06T17:24:56.002-0800][5.800s] GC(3) Pause Remark
[2022-04-06T17:24:56.023-0800][5.821s] GC(3) Pause Remark 26M->26M(512M) 21.315ms
[2022-04-06T17:24:56.023-0800][5.821s] GC(3) User=0.02s Sys=0.03s Real=0.02s
[2022-04-06T17:24:56.023-0800][5.822s] GC(3) Concurrent Rebuild Remembered Sets
[2022-04-06T17:24:56.042-0800][5.840s] GC(3) Concurrent Rebuild Remembered Sets 18.240ms
[2022-04-06T17:24:56.043-0800][5.841s] GC(3) Pause Cleanup
[2022-04-06T17:24:56.043-0800][5.842s] GC(3) Pause Cleanup 26M->26M(512M) 0.162ms
[2022-04-06T17:24:56.043-0800][5.842s] GC(3) User=0.00s Sys=0.00s Real=0.00s
[2022-04-06T17:24:56.043-0800][5.842s] GC(3) Concurrent Cleanup for Next Mark
[2022-04-06T17:24:56.045-0800][5.843s] GC(3) Concurrent Cleanup for Next Mark 1.125ms
[2022-04-06T17:24:56.045-0800][5.843s] GC(3) Concurrent Cycle 66.415ms
[2022-04-06T17:25:00.863-0800][10.661s] GC(4) Pause Young (Concurrent Start) (Metadata GC Threshold)
[2022-04-06T17:25:00.863-0800][10.661s] GC(4) Using 8 workers of 8 for evacuation
[2022-04-06T17:25:00.872-0800][10.670s] GC(4)   Pre Evacuate Collection Set: 0.2ms
[2022-04-06T17:25:00.872-0800][10.670s] GC(4)   Merge Heap Roots: 0.1ms
[2022-04-06T17:25:00.872-0800][10.670s] GC(4)   Evacuate Collection Set: 6.9ms
[2022-04-06T17:25:00.872-0800][10.670s] GC(4)   Post Evacuate Collection Set: 1.1ms
[2022-04-06T17:25:00.872-0800][10.670s] GC(4)   Other: 0.6ms
[2022-04-06T17:25:00.872-0800][10.670s] GC(4) Eden regions: 77->0(301)
[2022-04-06T17:25:00.872-0800][10.670s] GC(4) Survivor regions: 1->6(16)
[2022-04-06T17:25:00.872-0800][10.670s] GC(4) Old regions: 20->20
[2022-04-06T17:25:00.872-0800][10.670s] GC(4) Archive regions: 2->2
[2022-04-06T17:25:00.872-0800][10.670s] GC(4) Humongous regions: 4->4
[2022-04-06T17:25:00.872-0800][10.670s] GC(4) Metaspace: 35104K(35840K)->35104K(35840K) NonClass: 31035K(31616K)->31035K(31616K) Class: 4069K(4224K)->4069K(4224K)
[2022-04-06T17:25:00.872-0800][10.670s] GC(4) Pause Young (Concurrent Start) (Metadata GC Threshold) 102M->29M(512M) 9.135ms
[2022-04-06T17:25:00.872-0800][10.670s] GC(4) User=0.04s Sys=0.01s Real=0.01s
[2022-04-06T17:25:00.872-0800][10.670s] GC(5) Concurrent Cycle
[2022-04-06T17:25:00.872-0800][10.670s] GC(5) Concurrent Clear Claimed Marks
[2022-04-06T17:25:00.872-0800][10.670s] GC(5) Concurrent Clear Claimed Marks 0.026ms
[2022-04-06T17:25:00.872-0800][10.670s] GC(5) Concurrent Scan Root Regions
[2022-04-06T17:25:00.876-0800][10.674s] GC(5) Concurrent Scan Root Regions 3.979ms
[2022-04-06T17:25:00.876-0800][10.674s] GC(5) Concurrent Mark (10.674s)
[2022-04-06T17:25:00.876-0800][10.674s] GC(5) Concurrent Mark From Roots
[2022-04-06T17:25:00.876-0800][10.674s] GC(5) Using 2 workers of 2 for marking
[2022-04-06T17:25:00.898-0800][10.696s] GC(5) Concurrent Mark From Roots 21.560ms
[2022-04-06T17:25:00.898-0800][10.696s] GC(5) Concurrent Preclean
[2022-04-06T17:25:00.898-0800][10.696s] GC(5) Concurrent Preclean 0.160ms
[2022-04-06T17:25:00.898-0800][10.696s] GC(5) Concurrent Mark (10.674s, 10.696s) 21.829ms
[2022-04-06T17:25:00.899-0800][10.697s] GC(5) Pause Remark
[2022-04-06T17:25:00.908-0800][10.707s] GC(5) Pause Remark 31M->31M(512M) 9.543ms
[2022-04-06T17:25:00.908-0800][10.707s] GC(5) User=0.02s Sys=0.02s Real=0.01s
[2022-04-06T17:25:00.909-0800][10.707s] GC(5) Concurrent Rebuild Remembered Sets
[2022-04-06T17:25:00.929-0800][10.727s] GC(5) Concurrent Rebuild Remembered Sets 20.381ms
[2022-04-06T17:25:00.931-0800][10.729s] GC(5) Pause Cleanup
[2022-04-06T17:25:00.931-0800][10.730s] GC(5) Pause Cleanup 31M->31M(512M) 0.188ms
[2022-04-06T17:25:00.931-0800][10.730s] GC(5) User=0.00s Sys=0.00s Real=0.00s
[2022-04-06T17:25:00.932-0800][10.730s] GC(5) Concurrent Cleanup for Next Mark
[2022-04-06T17:25:00.935-0800][10.734s] GC(5) Concurrent Cleanup for Next Mark 3.822ms
[2022-04-06T17:25:00.935-0800][10.734s] GC(5) Concurrent Cycle 63.529ms
[2022-04-06T17:27:52.749-0800][182.546s] Heap
[2022-04-06T17:27:52.750-0800][182.546s]  garbage-first heap   total 524288K, used 161517K [0x00000007e0000000, 0x0000000800000000)
[2022-04-06T17:27:52.750-0800][182.546s]   region size 1024K, 132 young (135168K), 6 survivors (6144K)
[2022-04-06T17:27:52.750-0800][182.546s]  Metaspace       used 51427K, capacity 51859K, committed 52608K, reserved 1095680K
[2022-04-06T17:27:52.750-0800][182.546s]   class space    used 6045K, capacity 6213K, committed 6272K, reserved 1048576K
